MSBuild version 17.8.43+f0cbb1397 for .NET
  Determining projects to restore...
  All projects are up-to-date for restore.
  BTCPayServer.Lightning.Common -> /workspace/BTCPayServer.Lightning/src/BTCPayServer.Lightning.Common/bin/Debug/net6.0/BTCPayServer.Lightning.Common.dll
  BTCPayServer.Lightning.CLightning -> /workspace/BTCPayServer.Lightning/src/BTCPayServer.Lightning.CLightning/bin/Debug/net6.0/BTCPayServer.Lightning.CLightning.dll
  BTCPayServer.Lightning.Common -> /workspace/BTCPayServer.Lightning/src/BTCPayServer.Lightning.Common/bin/Debug/netstandard2.0/BTCPayServer.Lightning.Common.dll
  BTCPayServer.Lightning.LND -> /workspace/BTCPayServer.Lightning/src/BTCPayServer.Lightning.LND/bin/Debug/netstandard2.0/BTCPayServer.Lightning.LND.dll
  BTCPayServer.Lightning.LND -> /workspace/BTCPayServer.Lightning/src/BTCPayServer.Lightning.LND/bin/Debug/net6.0/BTCPayServer.Lightning.LND.dll
  BTCPayServer.Lightning.Phoenixd -> /workspace/BTCPayServer.Lightning/src/BTCPayServer.Lightning.Phoenixd/bin/Debug/net6.0/BTCPayServer.Lightning.Phoenixd.dll
  BTCPayServer.Lightning.Eclair -> /workspace/BTCPayServer.Lightning/src/BTCPayServer.Lightning.Eclair/bin/Debug/netstandard2.0/BTCPayServer.Lightning.Eclair.dll
  BTCPayServer.Lightning.Charge -> /workspace/BTCPayServer.Lightning/src/BTCPayServer.Lightning.Charge/bin/Debug/net6.0/BTCPayServer.Lightning.Charge.dll
  BTCPayServer.Lightning.LNbank -> /workspace/BTCPayServer.Lightning/src/BTCPayServer.Lightning.LNbank/bin/Debug/net6.0/BTCPayServer.Lightning.LNbank.dll
  BTCPayServer.Lightning.Eclair -> /workspace/BTCPayServer.Lightning/src/BTCPayServer.Lightning.Eclair/bin/Debug/net6.0/BTCPayServer.Lightning.Eclair.dll
  BTCPayServer.Lightning.LNbank -> /workspace/BTCPayServer.Lightning/src/BTCPayServer.Lightning.LNbank/bin/Debug/netstandard2.0/BTCPayServer.Lightning.LNbank.dll
  BTCPayServer.Lightning.CLightning -> /workspace/BTCPayServer.Lightning/src/BTCPayServer.Lightning.CLightning/bin/Debug/netstandard2.0/BTCPayServer.Lightning.CLightning.dll
  BTCPayServer.Lightning.LNDhub -> /workspace/BTCPayServer.Lightning/src/BTCPayServer.Lightning.LNDhub/bin/Debug/net6.0/BTCPayServer.Lightning.LNDhub.dll
  BTCPayServer.Lightning.Phoenixd -> /workspace/BTCPayServer.Lightning/src/BTCPayServer.Lightning.Phoenixd/bin/Debug/netstandard2.0/BTCPayServer.Lightning.Phoenixd.dll
  BTCPayServer.Lightning.LNDhub -> /workspace/BTCPayServer.Lightning/src/BTCPayServer.Lightning.LNDhub/bin/Debug/netstandard2.0/BTCPayServer.Lightning.LNDhub.dll
/workspace/BTCPayServer.Lightning/src/BTCPayServer.Lightning.LNbits/LNbitsLightningClient.cs(102,39): error CS0116: A namespace cannot directly contain members such as fields, methods or statements [/workspace/BTCPayServer.Lightning/src/BTCPayServer.Lightning.LNbits/BTCPayServer.Lightning.LNbits.csproj::TargetFramework=net6.0]
/workspace/BTCPayServer.Lightning/src/BTCPayServer.Lightning.LNbits/LNbitsLightningClient.cs(107,41): error CS0116: A namespace cannot directly contain members such as fields, methods or statements [/workspace/BTCPayServer.Lightning/src/BTCPayServer.Lightning.LNbits/BTCPayServer.Lightning.LNbits.csproj::TargetFramework=net6.0]
/workspace/BTCPayServer.Lightning/src/BTCPayServer.Lightning.LNbits/LNbitsLightningClient.cs(112,41): error CS0116: A namespace cannot directly contain members such as fields, methods or statements [/workspace/BTCPayServer.Lightning/src/BTCPayServer.Lightning.LNbits/BTCPayServer.Lightning.LNbits.csproj::TargetFramework=net6.0]
/workspace/BTCPayServer.Lightning/src/BTCPayServer.Lightning.LNbits/LNbitsLightningClient.cs(117,39): error CS0116: A namespace cannot directly contain members such as fields, methods or statements [/workspace/BTCPayServer.Lightning/src/BTCPayServer.Lightning.LNbits/BTCPayServer.Lightning.LNbits.csproj::TargetFramework=net6.0]
/workspace/BTCPayServer.Lightning/src/BTCPayServer.Lightning.LNbits/LNbitsLightningClient.cs(122,41): error CS0116: A namespace cannot directly contain members such as fields, methods or statements [/workspace/BTCPayServer.Lightning/src/BTCPayServer.Lightning.LNbits/BTCPayServer.Lightning.LNbits.csproj::TargetFramework=net6.0]
/workspace/BTCPayServer.Lightning/src/BTCPayServer.Lightning.LNbits/LNbitsLightningClient.cs(127,41): error CS0116: A namespace cannot directly contain members such as fields, methods or statements [/workspace/BTCPayServer.Lightning/src/BTCPayServer.Lightning.LNbits/BTCPayServer.Lightning.LNbits.csproj::TargetFramework=net6.0]
/workspace/BTCPayServer.Lightning/src/BTCPayServer.Lightning.LNbits/LNbitsLightningClient.cs(132,48): error CS0116: A namespace cannot directly contain members such as fields, methods or statements [/workspace/BTCPayServer.Lightning/src/BTCPayServer.Lightning.LNbits/BTCPayServer.Lightning.LNbits.csproj::TargetFramework=net6.0]
/workspace/BTCPayServer.Lightning/src/BTCPayServer.Lightning.LNbits/LNbitsLightningClient.cs(137,47): error CS0116: A namespace cannot directly contain members such as fields, methods or statements [/workspace/BTCPayServer.Lightning/src/BTCPayServer.Lightning.LNbits/BTCPayServer.Lightning.LNbits.csproj::TargetFramework=net6.0]
/workspace/BTCPayServer.Lightning/src/BTCPayServer.Lightning.LNbits/LNbitsLightningClient.cs(142,43): error CS0116: A namespace cannot directly contain members such as fields, methods or statements [/workspace/BTCPayServer.Lightning/src/BTCPayServer.Lightning.LNbits/BTCPayServer.Lightning.LNbits.csproj::TargetFramework=net6.0]
/workspace/BTCPayServer.Lightning/src/BTCPayServer.Lightning.LNbits/LNbitsLightningClient.cs(147,34): error CS0116: A namespace cannot directly contain members such as fields, methods or statements [/workspace/BTCPayServer.Lightning/src/BTCPayServer.Lightning.LNbits/BTCPayServer.Lightning.LNbits.csproj::TargetFramework=net6.0]
/workspace/BTCPayServer.Lightning/src/BTCPayServer.Lightning.LNbits/LNbitsLightningClient.cs(152,34): error CS0116: A namespace cannot directly contain members such as fields, methods or statements [/workspace/BTCPayServer.Lightning/src/BTCPayServer.Lightning.LNbits/BTCPayServer.Lightning.LNbits.csproj::TargetFramework=net6.0]
/workspace/BTCPayServer.Lightning/src/BTCPayServer.Lightning.LNbits/LNbitsLightningClient.cs(157,34): error CS0116: A namespace cannot directly contain members such as fields, methods or statements [/workspace/BTCPayServer.Lightning/src/BTCPayServer.Lightning.LNbits/BTCPayServer.Lightning.LNbits.csproj::TargetFramework=net6.0]
/workspace/BTCPayServer.Lightning/src/BTCPayServer.Lightning.LNbits/LNbitsLightningClient.cs(162,42): error CS0116: A namespace cannot directly contain members such as fields, methods or statements [/workspace/BTCPayServer.Lightning/src/BTCPayServer.Lightning.LNbits/BTCPayServer.Lightning.LNbits.csproj::TargetFramework=net6.0]
/workspace/BTCPayServer.Lightning/src/BTCPayServer.Lightning.LNbits/LNbitsLightningClient.cs(167,37): error CS0116: A namespace cannot directly contain members such as fields, methods or statements [/workspace/BTCPayServer.Lightning/src/BTCPayServer.Lightning.LNbits/BTCPayServer.Lightning.LNbits.csproj::TargetFramework=net6.0]
/workspace/BTCPayServer.Lightning/src/BTCPayServer.Lightning.LNbits/LNbitsLightningClient.cs(172,39): error CS0116: A namespace cannot directly contain members such as fields, methods or statements [/workspace/BTCPayServer.Lightning/src/BTCPayServer.Lightning.LNbits/BTCPayServer.Lightning.LNbits.csproj::TargetFramework=net6.0]
/workspace/BTCPayServer.Lightning/src/BTCPayServer.Lightning.LNbits/LNbitsLightningClient.cs(177,21): error CS0116: A namespace cannot directly contain members such as fields, methods or statements [/workspace/BTCPayServer.Lightning/src/BTCPayServer.Lightning.LNbits/BTCPayServer.Lightning.LNbits.csproj::TargetFramework=net6.0]
/workspace/BTCPayServer.Lightning/src/BTCPayServer.Lightning.LNbits/LNbitsLightningClient.cs(182,41): error CS0116: A namespace cannot directly contain members such as fields, methods or statements [/workspace/BTCPayServer.Lightning/src/BTCPayServer.Lightning.LNbits/BTCPayServer.Lightning.LNbits.csproj::TargetFramework=net6.0]
/workspace/BTCPayServer.Lightning/src/BTCPayServer.Lightning.LNbits/LNbitsLightningClient.cs(11,42): error CS0535: 'LNbitsLightningClient' does not implement interface member 'ILightningClient.ListInvoices(CancellationToken)' [/workspace/BTCPayServer.Lightning/src/BTCPayServer.Lightning.LNbits/BTCPayServer.Lightning.LNbits.csproj::TargetFramework=net6.0]
/workspace/BTCPayServer.Lightning/src/BTCPayServer.Lightning.LNbits/LNbitsLightningClient.cs(11,42): error CS0535: 'LNbitsLightningClient' does not implement interface member 'ILightningClient.ListInvoices(ListInvoicesParams, CancellationToken)' [/workspace/BTCPayServer.Lightning/src/BTCPayServer.Lightning.LNbits/BTCPayServer.Lightning.LNbits.csproj::TargetFramework=net6.0]
/workspace/BTCPayServer.Lightning/src/BTCPayServer.Lightning.LNbits/LNbitsLightningClient.cs(11,42): error CS0535: 'LNbitsLightningClient' does not implement interface member 'ILightningClient.GetPayment(string, CancellationToken)' [/workspace/BTCPayServer.Lightning/src/BTCPayServer.Lightning.LNbits/BTCPayServer.Lightning.LNbits.csproj::TargetFramework=net6.0]
/workspace/BTCPayServer.Lightning/src/BTCPayServer.Lightning.LNbits/LNbitsLightningClient.cs(11,42): error CS0535: 'LNbitsLightningClient' does not implement interface member 'ILightningClient.ListPayments(CancellationToken)' [/workspace/BTCPayServer.Lightning/src/BTCPayServer.Lightning.LNbits/BTCPayServer.Lightning.LNbits.csproj::TargetFramework=net6.0]
/workspace/BTCPayServer.Lightning/src/BTCPayServer.Lightning.LNbits/LNbitsLightningClient.cs(11,42): error CS0535: 'LNbitsLightningClient' does not implement interface member 'ILightningClient.ListPayments(ListPaymentsParams, CancellationToken)' [/workspace/BTCPayServer.Lightning/src/BTCPayServer.Lightning.LNbits/BTCPayServer.Lightning.LNbits.csproj::TargetFramework=net6.0]
/workspace/BTCPayServer.Lightning/src/BTCPayServer.Lightning.LNbits/LNbitsLightningClient.cs(11,42): error CS0535: 'LNbitsLightningClient' does not implement interface member 'ILightningClient.CreateInvoice(CreateInvoiceParams, CancellationToken)' [/workspace/BTCPayServer.Lightning/src/BTCPayServer.Lightning.LNbits/BTCPayServer.Lightning.LNbits.csproj::TargetFramework=net6.0]
/workspace/BTCPayServer.Lightning/src/BTCPayServer.Lightning.LNbits/LNbitsLightningClient.cs(11,42): error CS0535: 'LNbitsLightningClient' does not implement interface member 'ILightningClient.Listen(CancellationToken)' [/workspace/BTCPayServer.Lightning/src/BTCPayServer.Lightning.LNbits/BTCPayServer.Lightning.LNbits.csproj::TargetFramework=net6.0]
/workspace/BTCPayServer.Lightning/src/BTCPayServer.Lightning.LNbits/LNbitsLightningClient.cs(11,42): error CS0535: 'LNbitsLightningClient' does not implement interface member 'ILightningClient.GetInfo(CancellationToken)' [/workspace/BTCPayServer.Lightning/src/BTCPayServer.Lightning.LNbits/BTCPayServer.Lightning.LNbits.csproj::TargetFramework=net6.0]
/workspace/BTCPayServer.Lightning/src/BTCPayServer.Lightning.LNbits/LNbitsLightningClient.cs(11,42): error CS0535: 'LNbitsLightningClient' does not implement interface member 'ILightningClient.GetBalance(CancellationToken)' [/workspace/BTCPayServer.Lightning/src/BTCPayServer.Lightning.LNbits/BTCPayServer.Lightning.LNbits.csproj::TargetFramework=net6.0]
/workspace/BTCPayServer.Lightning/src/BTCPayServer.Lightning.LNbits/LNbitsLightningClient.cs(11,42): error CS0535: 'LNbitsLightningClient' does not implement interface member 'ILightningClient.Pay(PayInvoiceParams, CancellationToken)' [/workspace/BTCPayServer.Lightning/src/BTCPayServer.Lightning.LNbits/BTCPayServer.Lightning.LNbits.csproj::TargetFramework=net6.0]
/workspace/BTCPayServer.Lightning/src/BTCPayServer.Lightning.LNbits/LNbitsLightningClient.cs(11,42): error CS0535: 'LNbitsLightningClient' does not implement interface member 'ILightningClient.Pay(string, PayInvoiceParams, CancellationToken)' [/workspace/BTCPayServer.Lightning/src/BTCPayServer.Lightning.LNbits/BTCPayServer.Lightning.LNbits.csproj::TargetFramework=net6.0]
/workspace/BTCPayServer.Lightning/src/BTCPayServer.Lightning.LNbits/LNbitsLightningClient.cs(11,42): error CS0535: 'LNbitsLightningClient' does not implement interface member 'ILightningClient.Pay(string, CancellationToken)' [/workspace/BTCPayServer.Lightning/src/BTCPayServer.Lightning.LNbits/BTCPayServer.Lightning.LNbits.csproj::TargetFramework=net6.0]
/workspace/BTCPayServer.Lightning/src/BTCPayServer.Lightning.LNbits/LNbitsLightningClient.cs(11,42): error CS0535: 'LNbitsLightningClient' does not implement interface member 'ILightningClient.OpenChannel(OpenChannelRequest, CancellationToken)' [/workspace/BTCPayServer.Lightning/src/BTCPayServer.Lightning.LNbits/BTCPayServer.Lightning.LNbits.csproj::TargetFramework=net6.0]
/workspace/BTCPayServer.Lightning/src/BTCPayServer.Lightning.LNbits/LNbitsLightningClient.cs(11,42): error CS0535: 'LNbitsLightningClient' does not implement interface member 'ILightningClient.GetDepositAddress(CancellationToken)' [/workspace/BTCPayServer.Lightning/src/BTCPayServer.Lightning.LNbits/BTCPayServer.Lightning.LNbits.csproj::TargetFramework=net6.0]
/workspace/BTCPayServer.Lightning/src/BTCPayServer.Lightning.LNbits/LNbitsLightningClient.cs(11,42): error CS0535: 'LNbitsLightningClient' does not implement interface member 'ILightningClient.ConnectTo(NodeInfo, CancellationToken)' [/workspace/BTCPayServer.Lightning/src/BTCPayServer.Lightning.LNbits/BTCPayServer.Lightning.LNbits.csproj::TargetFramework=net6.0]
/workspace/BTCPayServer.Lightning/src/BTCPayServer.Lightning.LNbits/LNbitsLightningClient.cs(11,42): error CS0535: 'LNbitsLightningClient' does not implement interface member 'ILightningClient.CancelInvoice(string, CancellationToken)' [/workspace/BTCPayServer.Lightning/src/BTCPayServer.Lightning.LNbits/BTCPayServer.Lightning.LNbits.csproj::TargetFramework=net6.0]
/workspace/BTCPayServer.Lightning/src/BTCPayServer.Lightning.LNbits/LNbitsLightningClient.cs(11,42): error CS0535: 'LNbitsLightningClient' does not implement interface member 'ILightningClient.ListChannels(CancellationToken)' [/workspace/BTCPayServer.Lightning/src/BTCPayServer.Lightning.LNbits/BTCPayServer.Lightning.LNbits.csproj::TargetFramework=net6.0]
/workspace/BTCPayServer.Lightning/src/BTCPayServer.Lightning.LNbits/LNbitsLightningClient.cs(102,39): error CS0116: A namespace cannot directly contain members such as fields, methods or statements [/workspace/BTCPayServer.Lightning/src/BTCPayServer.Lightning.LNbits/BTCPayServer.Lightning.LNbits.csproj::TargetFramework=netstandard2.0]
/workspace/BTCPayServer.Lightning/src/BTCPayServer.Lightning.LNbits/LNbitsLightningClient.cs(107,41): error CS0116: A namespace cannot directly contain members such as fields, methods or statements [/workspace/BTCPayServer.Lightning/src/BTCPayServer.Lightning.LNbits/BTCPayServer.Lightning.LNbits.csproj::TargetFramework=netstandard2.0]
/workspace/BTCPayServer.Lightning/src/BTCPayServer.Lightning.LNbits/LNbitsLightningClient.cs(112,41): error CS0116: A namespace cannot directly contain members such as fields, methods or statements [/workspace/BTCPayServer.Lightning/src/BTCPayServer.Lightning.LNbits/BTCPayServer.Lightning.LNbits.csproj::TargetFramework=netstandard2.0]
/workspace/BTCPayServer.Lightning/src/BTCPayServer.Lightning.LNbits/LNbitsLightningClient.cs(117,39): error CS0116: A namespace cannot directly contain members such as fields, methods or statements [/workspace/BTCPayServer.Lightning/src/BTCPayServer.Lightning.LNbits/BTCPayServer.Lightning.LNbits.csproj::TargetFramework=netstandard2.0]
/workspace/BTCPayServer.Lightning/src/BTCPayServer.Lightning.LNbits/LNbitsLightningClient.cs(122,41): error CS0116: A namespace cannot directly contain members such as fields, methods or statements [/workspace/BTCPayServer.Lightning/src/BTCPayServer.Lightning.LNbits/BTCPayServer.Lightning.LNbits.csproj::TargetFramework=netstandard2.0]
/workspace/BTCPayServer.Lightning/src/BTCPayServer.Lightning.LNbits/LNbitsLightningClient.cs(127,41): error CS0116: A namespace cannot directly contain members such as fields, methods or statements [/workspace/BTCPayServer.Lightning/src/BTCPayServer.Lightning.LNbits/BTCPayServer.Lightning.LNbits.csproj::TargetFramework=netstandard2.0]
/workspace/BTCPayServer.Lightning/src/BTCPayServer.Lightning.LNbits/LNbitsLightningClient.cs(132,48): error CS0116: A namespace cannot directly contain members such as fields, methods or statements [/workspace/BTCPayServer.Lightning/src/BTCPayServer.Lightning.LNbits/BTCPayServer.Lightning.LNbits.csproj::TargetFramework=netstandard2.0]
/workspace/BTCPayServer.Lightning/src/BTCPayServer.Lightning.LNbits/LNbitsLightningClient.cs(137,47): error CS0116: A namespace cannot directly contain members such as fields, methods or statements [/workspace/BTCPayServer.Lightning/src/BTCPayServer.Lightning.LNbits/BTCPayServer.Lightning.LNbits.csproj::TargetFramework=netstandard2.0]
/workspace/BTCPayServer.Lightning/src/BTCPayServer.Lightning.LNbits/LNbitsLightningClient.cs(142,43): error CS0116: A namespace cannot directly contain members such as fields, methods or statements [/workspace/BTCPayServer.Lightning/src/BTCPayServer.Lightning.LNbits/BTCPayServer.Lightning.LNbits.csproj::TargetFramework=netstandard2.0]
/workspace/BTCPayServer.Lightning/src/BTCPayServer.Lightning.LNbits/LNbitsLightningClient.cs(147,34): error CS0116: A namespace cannot directly contain members such as fields, methods or statements [/workspace/BTCPayServer.Lightning/src/BTCPayServer.Lightning.LNbits/BTCPayServer.Lightning.LNbits.csproj::TargetFramework=netstandard2.0]
/workspace/BTCPayServer.Lightning/src/BTCPayServer.Lightning.LNbits/LNbitsLightningClient.cs(152,34): error CS0116: A namespace cannot directly contain members such as fields, methods or statements [/workspace/BTCPayServer.Lightning/src/BTCPayServer.Lightning.LNbits/BTCPayServer.Lightning.LNbits.csproj::TargetFramework=netstandard2.0]
/workspace/BTCPayServer.Lightning/src/BTCPayServer.Lightning.LNbits/LNbitsLightningClient.cs(157,34): error CS0116: A namespace cannot directly contain members such as fields, methods or statements [/workspace/BTCPayServer.Lightning/src/BTCPayServer.Lightning.LNbits/BTCPayServer.Lightning.LNbits.csproj::TargetFramework=netstandard2.0]
/workspace/BTCPayServer.Lightning/src/BTCPayServer.Lightning.LNbits/LNbitsLightningClient.cs(162,42): error CS0116: A namespace cannot directly contain members such as fields, methods or statements [/workspace/BTCPayServer.Lightning/src/BTCPayServer.Lightning.LNbits/BTCPayServer.Lightning.LNbits.csproj::TargetFramework=netstandard2.0]
/workspace/BTCPayServer.Lightning/src/BTCPayServer.Lightning.LNbits/LNbitsLightningClient.cs(167,37): error CS0116: A namespace cannot directly contain members such as fields, methods or statements [/workspace/BTCPayServer.Lightning/src/BTCPayServer.Lightning.LNbits/BTCPayServer.Lightning.LNbits.csproj::TargetFramework=netstandard2.0]
/workspace/BTCPayServer.Lightning/src/BTCPayServer.Lightning.LNbits/LNbitsLightningClient.cs(172,39): error CS0116: A namespace cannot directly contain members such as fields, methods or statements [/workspace/BTCPayServer.Lightning/src/BTCPayServer.Lightning.LNbits/BTCPayServer.Lightning.LNbits.csproj::TargetFramework=netstandard2.0]
/workspace/BTCPayServer.Lightning/src/BTCPayServer.Lightning.LNbits/LNbitsLightningClient.cs(177,21): error CS0116: A namespace cannot directly contain members such as fields, methods or statements [/workspace/BTCPayServer.Lightning/src/BTCPayServer.Lightning.LNbits/BTCPayServer.Lightning.LNbits.csproj::TargetFramework=netstandard2.0]
/workspace/BTCPayServer.Lightning/src/BTCPayServer.Lightning.LNbits/LNbitsLightningClient.cs(182,41): error CS0116: A namespace cannot directly contain members such as fields, methods or statements [/workspace/BTCPayServer.Lightning/src/BTCPayServer.Lightning.LNbits/BTCPayServer.Lightning.LNbits.csproj::TargetFramework=netstandard2.0]
/workspace/BTCPayServer.Lightning/src/BTCPayServer.Lightning.LNbits/LNbitsLightningClient.cs(11,42): error CS0535: 'LNbitsLightningClient' does not implement interface member 'ILightningClient.ListInvoices(CancellationToken)' [/workspace/BTCPayServer.Lightning/src/BTCPayServer.Lightning.LNbits/BTCPayServer.Lightning.LNbits.csproj::TargetFramework=netstandard2.0]
/workspace/BTCPayServer.Lightning/src/BTCPayServer.Lightning.LNbits/LNbitsLightningClient.cs(11,42): error CS0535: 'LNbitsLightningClient' does not implement interface member 'ILightningClient.ListInvoices(ListInvoicesParams, CancellationToken)' [/workspace/BTCPayServer.Lightning/src/BTCPayServer.Lightning.LNbits/BTCPayServer.Lightning.LNbits.csproj::TargetFramework=netstandard2.0]
/workspace/BTCPayServer.Lightning/src/BTCPayServer.Lightning.LNbits/LNbitsLightningClient.cs(11,42): error CS0535: 'LNbitsLightningClient' does not implement interface member 'ILightningClient.GetPayment(string, CancellationToken)' [/workspace/BTCPayServer.Lightning/src/BTCPayServer.Lightning.LNbits/BTCPayServer.Lightning.LNbits.csproj::TargetFramework=netstandard2.0]
/workspace/BTCPayServer.Lightning/src/BTCPayServer.Lightning.LNbits/LNbitsLightningClient.cs(11,42): error CS0535: 'LNbitsLightningClient' does not implement interface member 'ILightningClient.ListPayments(CancellationToken)' [/workspace/BTCPayServer.Lightning/src/BTCPayServer.Lightning.LNbits/BTCPayServer.Lightning.LNbits.csproj::TargetFramework=netstandard2.0]
/workspace/BTCPayServer.Lightning/src/BTCPayServer.Lightning.LNbits/LNbitsLightningClient.cs(11,42): error CS0535: 'LNbitsLightningClient' does not implement interface member 'ILightningClient.ListPayments(ListPaymentsParams, CancellationToken)' [/workspace/BTCPayServer.Lightning/src/BTCPayServer.Lightning.LNbits/BTCPayServer.Lightning.LNbits.csproj::TargetFramework=netstandard2.0]
/workspace/BTCPayServer.Lightning/src/BTCPayServer.Lightning.LNbits/LNbitsLightningClient.cs(11,42): error CS0535: 'LNbitsLightningClient' does not implement interface member 'ILightningClient.CreateInvoice(CreateInvoiceParams, CancellationToken)' [/workspace/BTCPayServer.Lightning/src/BTCPayServer.Lightning.LNbits/BTCPayServer.Lightning.LNbits.csproj::TargetFramework=netstandard2.0]
/workspace/BTCPayServer.Lightning/src/BTCPayServer.Lightning.LNbits/LNbitsLightningClient.cs(11,42): error CS0535: 'LNbitsLightningClient' does not implement interface member 'ILightningClient.Listen(CancellationToken)' [/workspace/BTCPayServer.Lightning/src/BTCPayServer.Lightning.LNbits/BTCPayServer.Lightning.LNbits.csproj::TargetFramework=netstandard2.0]
/workspace/BTCPayServer.Lightning/src/BTCPayServer.Lightning.LNbits/LNbitsLightningClient.cs(11,42): error CS0535: 'LNbitsLightningClient' does not implement interface member 'ILightningClient.GetInfo(CancellationToken)' [/workspace/BTCPayServer.Lightning/src/BTCPayServer.Lightning.LNbits/BTCPayServer.Lightning.LNbits.csproj::TargetFramework=netstandard2.0]
/workspace/BTCPayServer.Lightning/src/BTCPayServer.Lightning.LNbits/LNbitsLightningClient.cs(11,42): error CS0535: 'LNbitsLightningClient' does not implement interface member 'ILightningClient.GetBalance(CancellationToken)' [/workspace/BTCPayServer.Lightning/src/BTCPayServer.Lightning.LNbits/BTCPayServer.Lightning.LNbits.csproj::TargetFramework=netstandard2.0]
/workspace/BTCPayServer.Lightning/src/BTCPayServer.Lightning.LNbits/LNbitsLightningClient.cs(11,42): error CS0535: 'LNbitsLightningClient' does not implement interface member 'ILightningClient.Pay(PayInvoiceParams, CancellationToken)' [/workspace/BTCPayServer.Lightning/src/BTCPayServer.Lightning.LNbits/BTCPayServer.Lightning.LNbits.csproj::TargetFramework=netstandard2.0]
/workspace/BTCPayServer.Lightning/src/BTCPayServer.Lightning.LNbits/LNbitsLightningClient.cs(11,42): error CS0535: 'LNbitsLightningClient' does not implement interface member 'ILightningClient.Pay(string, PayInvoiceParams, CancellationToken)' [/workspace/BTCPayServer.Lightning/src/BTCPayServer.Lightning.LNbits/BTCPayServer.Lightning.LNbits.csproj::TargetFramework=netstandard2.0]
/workspace/BTCPayServer.Lightning/src/BTCPayServer.Lightning.LNbits/LNbitsLightningClient.cs(11,42): error CS0535: 'LNbitsLightningClient' does not implement interface member 'ILightningClient.Pay(string, CancellationToken)' [/workspace/BTCPayServer.Lightning/src/BTCPayServer.Lightning.LNbits/BTCPayServer.Lightning.LNbits.csproj::TargetFramework=netstandard2.0]
/workspace/BTCPayServer.Lightning/src/BTCPayServer.Lightning.LNbits/LNbitsLightningClient.cs(11,42): error CS0535: 'LNbitsLightningClient' does not implement interface member 'ILightningClient.OpenChannel(OpenChannelRequest, CancellationToken)' [/workspace/BTCPayServer.Lightning/src/BTCPayServer.Lightning.LNbits/BTCPayServer.Lightning.LNbits.csproj::TargetFramework=netstandard2.0]
/workspace/BTCPayServer.Lightning/src/BTCPayServer.Lightning.LNbits/LNbitsLightningClient.cs(11,42): error CS0535: 'LNbitsLightningClient' does not implement interface member 'ILightningClient.GetDepositAddress(CancellationToken)' [/workspace/BTCPayServer.Lightning/src/BTCPayServer.Lightning.LNbits/BTCPayServer.Lightning.LNbits.csproj::TargetFramework=netstandard2.0]
/workspace/BTCPayServer.Lightning/src/BTCPayServer.Lightning.LNbits/LNbitsLightningClient.cs(11,42): error CS0535: 'LNbitsLightningClient' does not implement interface member 'ILightningClient.ConnectTo(NodeInfo, CancellationToken)' [/workspace/BTCPayServer.Lightning/src/BTCPayServer.Lightning.LNbits/BTCPayServer.Lightning.LNbits.csproj::TargetFramework=netstandard2.0]
/workspace/BTCPayServer.Lightning/src/BTCPayServer.Lightning.LNbits/LNbitsLightningClient.cs(11,42): error CS0535: 'LNbitsLightningClient' does not implement interface member 'ILightningClient.CancelInvoice(string, CancellationToken)' [/workspace/BTCPayServer.Lightning/src/BTCPayServer.Lightning.LNbits/BTCPayServer.Lightning.LNbits.csproj::TargetFramework=netstandard2.0]
/workspace/BTCPayServer.Lightning/src/BTCPayServer.Lightning.LNbits/LNbitsLightningClient.cs(11,42): error CS0535: 'LNbitsLightningClient' does not implement interface member 'ILightningClient.ListChannels(CancellationToken)' [/workspace/BTCPayServer.Lightning/src/BTCPayServer.Lightning.LNbits/BTCPayServer.Lightning.LNbits.csproj::TargetFramework=netstandard2.0]
  BTCPayServer.Lightning.Charge -> /workspace/BTCPayServer.Lightning/src/BTCPayServer.Lightning.Charge/bin/Debug/netstandard2.0/BTCPayServer.Lightning.Charge.dll

Build FAILED.

/workspace/BTCPayServer.Lightning/src/BTCPayServer.Lightning.LNbits/LNbitsLightningClient.cs(102,39): error CS0116: A namespace cannot directly contain members such as fields, methods or statements [/workspace/BTCPayServer.Lightning/src/BTCPayServer.Lightning.LNbits/BTCPayServer.Lightning.LNbits.csproj::TargetFramework=net6.0]
/workspace/BTCPayServer.Lightning/src/BTCPayServer.Lightning.LNbits/LNbitsLightningClient.cs(107,41): error CS0116: A namespace cannot directly contain members such as fields, methods or statements [/workspace/BTCPayServer.Lightning/src/BTCPayServer.Lightning.LNbits/BTCPayServer.Lightning.LNbits.csproj::TargetFramework=net6.0]
/workspace/BTCPayServer.Lightning/src/BTCPayServer.Lightning.LNbits/LNbitsLightningClient.cs(112,41): error CS0116: A namespace cannot directly contain members such as fields, methods or statements [/workspace/BTCPayServer.Lightning/src/BTCPayServer.Lightning.LNbits/BTCPayServer.Lightning.LNbits.csproj::TargetFramework=net6.0]
/workspace/BTCPayServer.Lightning/src/BTCPayServer.Lightning.LNbits/LNbitsLightningClient.cs(117,39): error CS0116: A namespace cannot directly contain members such as fields, methods or statements [/workspace/BTCPayServer.Lightning/src/BTCPayServer.Lightning.LNbits/BTCPayServer.Lightning.LNbits.csproj::TargetFramework=net6.0]
/workspace/BTCPayServer.Lightning/src/BTCPayServer.Lightning.LNbits/LNbitsLightningClient.cs(122,41): error CS0116: A namespace cannot directly contain members such as fields, methods or statements [/workspace/BTCPayServer.Lightning/src/BTCPayServer.Lightning.LNbits/BTCPayServer.Lightning.LNbits.csproj::TargetFramework=net6.0]
/workspace/BTCPayServer.Lightning/src/BTCPayServer.Lightning.LNbits/LNbitsLightningClient.cs(127,41): error CS0116: A namespace cannot directly contain members such as fields, methods or statements [/workspace/BTCPayServer.Lightning/src/BTCPayServer.Lightning.LNbits/BTCPayServer.Lightning.LNbits.csproj::TargetFramework=net6.0]
/workspace/BTCPayServer.Lightning/src/BTCPayServer.Lightning.LNbits/LNbitsLightningClient.cs(132,48): error CS0116: A namespace cannot directly contain members such as fields, methods or statements [/workspace/BTCPayServer.Lightning/src/BTCPayServer.Lightning.LNbits/BTCPayServer.Lightning.LNbits.csproj::TargetFramework=net6.0]
/workspace/BTCPayServer.Lightning/src/BTCPayServer.Lightning.LNbits/LNbitsLightningClient.cs(137,47): error CS0116: A namespace cannot directly contain members such as fields, methods or statements [/workspace/BTCPayServer.Lightning/src/BTCPayServer.Lightning.LNbits/BTCPayServer.Lightning.LNbits.csproj::TargetFramework=net6.0]
/workspace/BTCPayServer.Lightning/src/BTCPayServer.Lightning.LNbits/LNbitsLightningClient.cs(142,43): error CS0116: A namespace cannot directly contain members such as fields, methods or statements [/workspace/BTCPayServer.Lightning/src/BTCPayServer.Lightning.LNbits/BTCPayServer.Lightning.LNbits.csproj::TargetFramework=net6.0]
/workspace/BTCPayServer.Lightning/src/BTCPayServer.Lightning.LNbits/LNbitsLightningClient.cs(147,34): error CS0116: A namespace cannot directly contain members such as fields, methods or statements [/workspace/BTCPayServer.Lightning/src/BTCPayServer.Lightning.LNbits/BTCPayServer.Lightning.LNbits.csproj::TargetFramework=net6.0]
/workspace/BTCPayServer.Lightning/src/BTCPayServer.Lightning.LNbits/LNbitsLightningClient.cs(152,34): error CS0116: A namespace cannot directly contain members such as fields, methods or statements [/workspace/BTCPayServer.Lightning/src/BTCPayServer.Lightning.LNbits/BTCPayServer.Lightning.LNbits.csproj::TargetFramework=net6.0]
/workspace/BTCPayServer.Lightning/src/BTCPayServer.Lightning.LNbits/LNbitsLightningClient.cs(157,34): error CS0116: A namespace cannot directly contain members such as fields, methods or statements [/workspace/BTCPayServer.Lightning/src/BTCPayServer.Lightning.LNbits/BTCPayServer.Lightning.LNbits.csproj::TargetFramework=net6.0]
/workspace/BTCPayServer.Lightning/src/BTCPayServer.Lightning.LNbits/LNbitsLightningClient.cs(162,42): error CS0116: A namespace cannot directly contain members such as fields, methods or statements [/workspace/BTCPayServer.Lightning/src/BTCPayServer.Lightning.LNbits/BTCPayServer.Lightning.LNbits.csproj::TargetFramework=net6.0]
/workspace/BTCPayServer.Lightning/src/BTCPayServer.Lightning.LNbits/LNbitsLightningClient.cs(167,37): error CS0116: A namespace cannot directly contain members such as fields, methods or statements [/workspace/BTCPayServer.Lightning/src/BTCPayServer.Lightning.LNbits/BTCPayServer.Lightning.LNbits.csproj::TargetFramework=net6.0]
/workspace/BTCPayServer.Lightning/src/BTCPayServer.Lightning.LNbits/LNbitsLightningClient.cs(172,39): error CS0116: A namespace cannot directly contain members such as fields, methods or statements [/workspace/BTCPayServer.Lightning/src/BTCPayServer.Lightning.LNbits/BTCPayServer.Lightning.LNbits.csproj::TargetFramework=net6.0]
/workspace/BTCPayServer.Lightning/src/BTCPayServer.Lightning.LNbits/LNbitsLightningClient.cs(177,21): error CS0116: A namespace cannot directly contain members such as fields, methods or statements [/workspace/BTCPayServer.Lightning/src/BTCPayServer.Lightning.LNbits/BTCPayServer.Lightning.LNbits.csproj::TargetFramework=net6.0]
/workspace/BTCPayServer.Lightning/src/BTCPayServer.Lightning.LNbits/LNbitsLightningClient.cs(182,41): error CS0116: A namespace cannot directly contain members such as fields, methods or statements [/workspace/BTCPayServer.Lightning/src/BTCPayServer.Lightning.LNbits/BTCPayServer.Lightning.LNbits.csproj::TargetFramework=net6.0]
/workspace/BTCPayServer.Lightning/src/BTCPayServer.Lightning.LNbits/LNbitsLightningClient.cs(11,42): error CS0535: 'LNbitsLightningClient' does not implement interface member 'ILightningClient.ListInvoices(CancellationToken)' [/workspace/BTCPayServer.Lightning/src/BTCPayServer.Lightning.LNbits/BTCPayServer.Lightning.LNbits.csproj::TargetFramework=net6.0]
/workspace/BTCPayServer.Lightning/src/BTCPayServer.Lightning.LNbits/LNbitsLightningClient.cs(11,42): error CS0535: 'LNbitsLightningClient' does not implement interface member 'ILightningClient.ListInvoices(ListInvoicesParams, CancellationToken)' [/workspace/BTCPayServer.Lightning/src/BTCPayServer.Lightning.LNbits/BTCPayServer.Lightning.LNbits.csproj::TargetFramework=net6.0]
/workspace/BTCPayServer.Lightning/src/BTCPayServer.Lightning.LNbits/LNbitsLightningClient.cs(11,42): error CS0535: 'LNbitsLightningClient' does not implement interface member 'ILightningClient.GetPayment(string, CancellationToken)' [/workspace/BTCPayServer.Lightning/src/BTCPayServer.Lightning.LNbits/BTCPayServer.Lightning.LNbits.csproj::TargetFramework=net6.0]
/workspace/BTCPayServer.Lightning/src/BTCPayServer.Lightning.LNbits/LNbitsLightningClient.cs(11,42): error CS0535: 'LNbitsLightningClient' does not implement interface member 'ILightningClient.ListPayments(CancellationToken)' [/workspace/BTCPayServer.Lightning/src/BTCPayServer.Lightning.LNbits/BTCPayServer.Lightning.LNbits.csproj::TargetFramework=net6.0]
/workspace/BTCPayServer.Lightning/src/BTCPayServer.Lightning.LNbits/LNbitsLightningClient.cs(11,42): error CS0535: 'LNbitsLightningClient' does not implement interface member 'ILightningClient.ListPayments(ListPaymentsParams, CancellationToken)' [/workspace/BTCPayServer.Lightning/src/BTCPayServer.Lightning.LNbits/BTCPayServer.Lightning.LNbits.csproj::TargetFramework=net6.0]
/workspace/BTCPayServer.Lightning/src/BTCPayServer.Lightning.LNbits/LNbitsLightningClient.cs(11,42): error CS0535: 'LNbitsLightningClient' does not implement interface member 'ILightningClient.CreateInvoice(CreateInvoiceParams, CancellationToken)' [/workspace/BTCPayServer.Lightning/src/BTCPayServer.Lightning.LNbits/BTCPayServer.Lightning.LNbits.csproj::TargetFramework=net6.0]
/workspace/BTCPayServer.Lightning/src/BTCPayServer.Lightning.LNbits/LNbitsLightningClient.cs(11,42): error CS0535: 'LNbitsLightningClient' does not implement interface member 'ILightningClient.Listen(CancellationToken)' [/workspace/BTCPayServer.Lightning/src/BTCPayServer.Lightning.LNbits/BTCPayServer.Lightning.LNbits.csproj::TargetFramework=net6.0]
/workspace/BTCPayServer.Lightning/src/BTCPayServer.Lightning.LNbits/LNbitsLightningClient.cs(11,42): error CS0535: 'LNbitsLightningClient' does not implement interface member 'ILightningClient.GetInfo(CancellationToken)' [/workspace/BTCPayServer.Lightning/src/BTCPayServer.Lightning.LNbits/BTCPayServer.Lightning.LNbits.csproj::TargetFramework=net6.0]
/workspace/BTCPayServer.Lightning/src/BTCPayServer.Lightning.LNbits/LNbitsLightningClient.cs(11,42): error CS0535: 'LNbitsLightningClient' does not implement interface member 'ILightningClient.GetBalance(CancellationToken)' [/workspace/BTCPayServer.Lightning/src/BTCPayServer.Lightning.LNbits/BTCPayServer.Lightning.LNbits.csproj::TargetFramework=net6.0]
/workspace/BTCPayServer.Lightning/src/BTCPayServer.Lightning.LNbits/LNbitsLightningClient.cs(11,42): error CS0535: 'LNbitsLightningClient' does not implement interface member 'ILightningClient.Pay(PayInvoiceParams, CancellationToken)' [/workspace/BTCPayServer.Lightning/src/BTCPayServer.Lightning.LNbits/BTCPayServer.Lightning.LNbits.csproj::TargetFramework=net6.0]
/workspace/BTCPayServer.Lightning/src/BTCPayServer.Lightning.LNbits/LNbitsLightningClient.cs(11,42): error CS0535: 'LNbitsLightningClient' does not implement interface member 'ILightningClient.Pay(string, PayInvoiceParams, CancellationToken)' [/workspace/BTCPayServer.Lightning/src/BTCPayServer.Lightning.LNbits/BTCPayServer.Lightning.LNbits.csproj::TargetFramework=net6.0]
/workspace/BTCPayServer.Lightning/src/BTCPayServer.Lightning.LNbits/LNbitsLightningClient.cs(11,42): error CS0535: 'LNbitsLightningClient' does not implement interface member 'ILightningClient.Pay(string, CancellationToken)' [/workspace/BTCPayServer.Lightning/src/BTCPayServer.Lightning.LNbits/BTCPayServer.Lightning.LNbits.csproj::TargetFramework=net6.0]
/workspace/BTCPayServer.Lightning/src/BTCPayServer.Lightning.LNbits/LNbitsLightningClient.cs(11,42): error CS0535: 'LNbitsLightningClient' does not implement interface member 'ILightningClient.OpenChannel(OpenChannelRequest, CancellationToken)' [/workspace/BTCPayServer.Lightning/src/BTCPayServer.Lightning.LNbits/BTCPayServer.Lightning.LNbits.csproj::TargetFramework=net6.0]
/workspace/BTCPayServer.Lightning/src/BTCPayServer.Lightning.LNbits/LNbitsLightningClient.cs(11,42): error CS0535: 'LNbitsLightningClient' does not implement interface member 'ILightningClient.GetDepositAddress(CancellationToken)' [/workspace/BTCPayServer.Lightning/src/BTCPayServer.Lightning.LNbits/BTCPayServer.Lightning.LNbits.csproj::TargetFramework=net6.0]
/workspace/BTCPayServer.Lightning/src/BTCPayServer.Lightning.LNbits/LNbitsLightningClient.cs(11,42): error CS0535: 'LNbitsLightningClient' does not implement interface member 'ILightningClient.ConnectTo(NodeInfo, CancellationToken)' [/workspace/BTCPayServer.Lightning/src/BTCPayServer.Lightning.LNbits/BTCPayServer.Lightning.LNbits.csproj::TargetFramework=net6.0]
/workspace/BTCPayServer.Lightning/src/BTCPayServer.Lightning.LNbits/LNbitsLightningClient.cs(11,42): error CS0535: 'LNbitsLightningClient' does not implement interface member 'ILightningClient.CancelInvoice(string, CancellationToken)' [/workspace/BTCPayServer.Lightning/src/BTCPayServer.Lightning.LNbits/BTCPayServer.Lightning.LNbits.csproj::TargetFramework=net6.0]
/workspace/BTCPayServer.Lightning/src/BTCPayServer.Lightning.LNbits/LNbitsLightningClient.cs(11,42): error CS0535: 'LNbitsLightningClient' does not implement interface member 'ILightningClient.ListChannels(CancellationToken)' [/workspace/BTCPayServer.Lightning/src/BTCPayServer.Lightning.LNbits/BTCPayServer.Lightning.LNbits.csproj::TargetFramework=net6.0]
/workspace/BTCPayServer.Lightning/src/BTCPayServer.Lightning.LNbits/LNbitsLightningClient.cs(102,39): error CS0116: A namespace cannot directly contain members such as fields, methods or statements [/workspace/BTCPayServer.Lightning/src/BTCPayServer.Lightning.LNbits/BTCPayServer.Lightning.LNbits.csproj::TargetFramework=netstandard2.0]
/workspace/BTCPayServer.Lightning/src/BTCPayServer.Lightning.LNbits/LNbitsLightningClient.cs(107,41): error CS0116: A namespace cannot directly contain members such as fields, methods or statements [/workspace/BTCPayServer.Lightning/src/BTCPayServer.Lightning.LNbits/BTCPayServer.Lightning.LNbits.csproj::TargetFramework=netstandard2.0]
/workspace/BTCPayServer.Lightning/src/BTCPayServer.Lightning.LNbits/LNbitsLightningClient.cs(112,41): error CS0116: A namespace cannot directly contain members such as fields, methods or statements [/workspace/BTCPayServer.Lightning/src/BTCPayServer.Lightning.LNbits/BTCPayServer.Lightning.LNbits.csproj::TargetFramework=netstandard2.0]
/workspace/BTCPayServer.Lightning/src/BTCPayServer.Lightning.LNbits/LNbitsLightningClient.cs(117,39): error CS0116: A namespace cannot directly contain members such as fields, methods or statements [/workspace/BTCPayServer.Lightning/src/BTCPayServer.Lightning.LNbits/BTCPayServer.Lightning.LNbits.csproj::TargetFramework=netstandard2.0]
/workspace/BTCPayServer.Lightning/src/BTCPayServer.Lightning.LNbits/LNbitsLightningClient.cs(122,41): error CS0116: A namespace cannot directly contain members such as fields, methods or statements [/workspace/BTCPayServer.Lightning/src/BTCPayServer.Lightning.LNbits/BTCPayServer.Lightning.LNbits.csproj::TargetFramework=netstandard2.0]
/workspace/BTCPayServer.Lightning/src/BTCPayServer.Lightning.LNbits/LNbitsLightningClient.cs(127,41): error CS0116: A namespace cannot directly contain members such as fields, methods or statements [/workspace/BTCPayServer.Lightning/src/BTCPayServer.Lightning.LNbits/BTCPayServer.Lightning.LNbits.csproj::TargetFramework=netstandard2.0]
/workspace/BTCPayServer.Lightning/src/BTCPayServer.Lightning.LNbits/LNbitsLightningClient.cs(132,48): error CS0116: A namespace cannot directly contain members such as fields, methods or statements [/workspace/BTCPayServer.Lightning/src/BTCPayServer.Lightning.LNbits/BTCPayServer.Lightning.LNbits.csproj::TargetFramework=netstandard2.0]
/workspace/BTCPayServer.Lightning/src/BTCPayServer.Lightning.LNbits/LNbitsLightningClient.cs(137,47): error CS0116: A namespace cannot directly contain members such as fields, methods or statements [/workspace/BTCPayServer.Lightning/src/BTCPayServer.Lightning.LNbits/BTCPayServer.Lightning.LNbits.csproj::TargetFramework=netstandard2.0]
/workspace/BTCPayServer.Lightning/src/BTCPayServer.Lightning.LNbits/LNbitsLightningClient.cs(142,43): error CS0116: A namespace cannot directly contain members such as fields, methods or statements [/workspace/BTCPayServer.Lightning/src/BTCPayServer.Lightning.LNbits/BTCPayServer.Lightning.LNbits.csproj::TargetFramework=netstandard2.0]
/workspace/BTCPayServer.Lightning/src/BTCPayServer.Lightning.LNbits/LNbitsLightningClient.cs(147,34): error CS0116: A namespace cannot directly contain members such as fields, methods or statements [/workspace/BTCPayServer.Lightning/src/BTCPayServer.Lightning.LNbits/BTCPayServer.Lightning.LNbits.csproj::TargetFramework=netstandard2.0]
/workspace/BTCPayServer.Lightning/src/BTCPayServer.Lightning.LNbits/LNbitsLightningClient.cs(152,34): error CS0116: A namespace cannot directly contain members such as fields, methods or statements [/workspace/BTCPayServer.Lightning/src/BTCPayServer.Lightning.LNbits/BTCPayServer.Lightning.LNbits.csproj::TargetFramework=netstandard2.0]
/workspace/BTCPayServer.Lightning/src/BTCPayServer.Lightning.LNbits/LNbitsLightningClient.cs(157,34): error CS0116: A namespace cannot directly contain members such as fields, methods or statements [/workspace/BTCPayServer.Lightning/src/BTCPayServer.Lightning.LNbits/BTCPayServer.Lightning.LNbits.csproj::TargetFramework=netstandard2.0]
/workspace/BTCPayServer.Lightning/src/BTCPayServer.Lightning.LNbits/LNbitsLightningClient.cs(162,42): error CS0116: A namespace cannot directly contain members such as fields, methods or statements [/workspace/BTCPayServer.Lightning/src/BTCPayServer.Lightning.LNbits/BTCPayServer.Lightning.LNbits.csproj::TargetFramework=netstandard2.0]
/workspace/BTCPayServer.Lightning/src/BTCPayServer.Lightning.LNbits/LNbitsLightningClient.cs(167,37): error CS0116: A namespace cannot directly contain members such as fields, methods or statements [/workspace/BTCPayServer.Lightning/src/BTCPayServer.Lightning.LNbits/BTCPayServer.Lightning.LNbits.csproj::TargetFramework=netstandard2.0]
/workspace/BTCPayServer.Lightning/src/BTCPayServer.Lightning.LNbits/LNbitsLightningClient.cs(172,39): error CS0116: A namespace cannot directly contain members such as fields, methods or statements [/workspace/BTCPayServer.Lightning/src/BTCPayServer.Lightning.LNbits/BTCPayServer.Lightning.LNbits.csproj::TargetFramework=netstandard2.0]
/workspace/BTCPayServer.Lightning/src/BTCPayServer.Lightning.LNbits/LNbitsLightningClient.cs(177,21): error CS0116: A namespace cannot directly contain members such as fields, methods or statements [/workspace/BTCPayServer.Lightning/src/BTCPayServer.Lightning.LNbits/BTCPayServer.Lightning.LNbits.csproj::TargetFramework=netstandard2.0]
/workspace/BTCPayServer.Lightning/src/BTCPayServer.Lightning.LNbits/LNbitsLightningClient.cs(182,41): error CS0116: A namespace cannot directly contain members such as fields, methods or statements [/workspace/BTCPayServer.Lightning/src/BTCPayServer.Lightning.LNbits/BTCPayServer.Lightning.LNbits.csproj::TargetFramework=netstandard2.0]
/workspace/BTCPayServer.Lightning/src/BTCPayServer.Lightning.LNbits/LNbitsLightningClient.cs(11,42): error CS0535: 'LNbitsLightningClient' does not implement interface member 'ILightningClient.ListInvoices(CancellationToken)' [/workspace/BTCPayServer.Lightning/src/BTCPayServer.Lightning.LNbits/BTCPayServer.Lightning.LNbits.csproj::TargetFramework=netstandard2.0]
/workspace/BTCPayServer.Lightning/src/BTCPayServer.Lightning.LNbits/LNbitsLightningClient.cs(11,42): error CS0535: 'LNbitsLightningClient' does not implement interface member 'ILightningClient.ListInvoices(ListInvoicesParams, CancellationToken)' [/workspace/BTCPayServer.Lightning/src/BTCPayServer.Lightning.LNbits/BTCPayServer.Lightning.LNbits.csproj::TargetFramework=netstandard2.0]
/workspace/BTCPayServer.Lightning/src/BTCPayServer.Lightning.LNbits/LNbitsLightningClient.cs(11,42): error CS0535: 'LNbitsLightningClient' does not implement interface member 'ILightningClient.GetPayment(string, CancellationToken)' [/workspace/BTCPayServer.Lightning/src/BTCPayServer.Lightning.LNbits/BTCPayServer.Lightning.LNbits.csproj::TargetFramework=netstandard2.0]
/workspace/BTCPayServer.Lightning/src/BTCPayServer.Lightning.LNbits/LNbitsLightningClient.cs(11,42): error CS0535: 'LNbitsLightningClient' does not implement interface member 'ILightningClient.ListPayments(CancellationToken)' [/workspace/BTCPayServer.Lightning/src/BTCPayServer.Lightning.LNbits/BTCPayServer.Lightning.LNbits.csproj::TargetFramework=netstandard2.0]
/workspace/BTCPayServer.Lightning/src/BTCPayServer.Lightning.LNbits/LNbitsLightningClient.cs(11,42): error CS0535: 'LNbitsLightningClient' does not implement interface member 'ILightningClient.ListPayments(ListPaymentsParams, CancellationToken)' [/workspace/BTCPayServer.Lightning/src/BTCPayServer.Lightning.LNbits/BTCPayServer.Lightning.LNbits.csproj::TargetFramework=netstandard2.0]
/workspace/BTCPayServer.Lightning/src/BTCPayServer.Lightning.LNbits/LNbitsLightningClient.cs(11,42): error CS0535: 'LNbitsLightningClient' does not implement interface member 'ILightningClient.CreateInvoice(CreateInvoiceParams, CancellationToken)' [/workspace/BTCPayServer.Lightning/src/BTCPayServer.Lightning.LNbits/BTCPayServer.Lightning.LNbits.csproj::TargetFramework=netstandard2.0]
/workspace/BTCPayServer.Lightning/src/BTCPayServer.Lightning.LNbits/LNbitsLightningClient.cs(11,42): error CS0535: 'LNbitsLightningClient' does not implement interface member 'ILightningClient.Listen(CancellationToken)' [/workspace/BTCPayServer.Lightning/src/BTCPayServer.Lightning.LNbits/BTCPayServer.Lightning.LNbits.csproj::TargetFramework=netstandard2.0]
/workspace/BTCPayServer.Lightning/src/BTCPayServer.Lightning.LNbits/LNbitsLightningClient.cs(11,42): error CS0535: 'LNbitsLightningClient' does not implement interface member 'ILightningClient.GetInfo(CancellationToken)' [/workspace/BTCPayServer.Lightning/src/BTCPayServer.Lightning.LNbits/BTCPayServer.Lightning.LNbits.csproj::TargetFramework=netstandard2.0]
/workspace/BTCPayServer.Lightning/src/BTCPayServer.Lightning.LNbits/LNbitsLightningClient.cs(11,42): error CS0535: 'LNbitsLightningClient' does not implement interface member 'ILightningClient.GetBalance(CancellationToken)' [/workspace/BTCPayServer.Lightning/src/BTCPayServer.Lightning.LNbits/BTCPayServer.Lightning.LNbits.csproj::TargetFramework=netstandard2.0]
/workspace/BTCPayServer.Lightning/src/BTCPayServer.Lightning.LNbits/LNbitsLightningClient.cs(11,42): error CS0535: 'LNbitsLightningClient' does not implement interface member 'ILightningClient.Pay(PayInvoiceParams, CancellationToken)' [/workspace/BTCPayServer.Lightning/src/BTCPayServer.Lightning.LNbits/BTCPayServer.Lightning.LNbits.csproj::TargetFramework=netstandard2.0]
/workspace/BTCPayServer.Lightning/src/BTCPayServer.Lightning.LNbits/LNbitsLightningClient.cs(11,42): error CS0535: 'LNbitsLightningClient' does not implement interface member 'ILightningClient.Pay(string, PayInvoiceParams, CancellationToken)' [/workspace/BTCPayServer.Lightning/src/BTCPayServer.Lightning.LNbits/BTCPayServer.Lightning.LNbits.csproj::TargetFramework=netstandard2.0]
/workspace/BTCPayServer.Lightning/src/BTCPayServer.Lightning.LNbits/LNbitsLightningClient.cs(11,42): error CS0535: 'LNbitsLightningClient' does not implement interface member 'ILightningClient.Pay(string, CancellationToken)' [/workspace/BTCPayServer.Lightning/src/BTCPayServer.Lightning.LNbits/BTCPayServer.Lightning.LNbits.csproj::TargetFramework=netstandard2.0]
/workspace/BTCPayServer.Lightning/src/BTCPayServer.Lightning.LNbits/LNbitsLightningClient.cs(11,42): error CS0535: 'LNbitsLightningClient' does not implement interface member 'ILightningClient.OpenChannel(OpenChannelRequest, CancellationToken)' [/workspace/BTCPayServer.Lightning/src/BTCPayServer.Lightning.LNbits/BTCPayServer.Lightning.LNbits.csproj::TargetFramework=netstandard2.0]
/workspace/BTCPayServer.Lightning/src/BTCPayServer.Lightning.LNbits/LNbitsLightningClient.cs(11,42): error CS0535: 'LNbitsLightningClient' does not implement interface member 'ILightningClient.GetDepositAddress(CancellationToken)' [/workspace/BTCPayServer.Lightning/src/BTCPayServer.Lightning.LNbits/BTCPayServer.Lightning.LNbits.csproj::TargetFramework=netstandard2.0]
/workspace/BTCPayServer.Lightning/src/BTCPayServer.Lightning.LNbits/LNbitsLightningClient.cs(11,42): error CS0535: 'LNbitsLightningClient' does not implement interface member 'ILightningClient.ConnectTo(NodeInfo, CancellationToken)' [/workspace/BTCPayServer.Lightning/src/BTCPayServer.Lightning.LNbits/BTCPayServer.Lightning.LNbits.csproj::TargetFramework=netstandard2.0]
/workspace/BTCPayServer.Lightning/src/BTCPayServer.Lightning.LNbits/LNbitsLightningClient.cs(11,42): error CS0535: 'LNbitsLightningClient' does not implement interface member 'ILightningClient.CancelInvoice(string, CancellationToken)' [/workspace/BTCPayServer.Lightning/src/BTCPayServer.Lightning.LNbits/BTCPayServer.Lightning.LNbits.csproj::TargetFramework=netstandard2.0]
/workspace/BTCPayServer.Lightning/src/BTCPayServer.Lightning.LNbits/LNbitsLightningClient.cs(11,42): error CS0535: 'LNbitsLightningClient' does not implement interface member 'ILightningClient.ListChannels(CancellationToken)' [/workspace/BTCPayServer.Lightning/src/BTCPayServer.Lightning.LNbits/BTCPayServer.Lightning.LNbits.csproj::TargetFramework=netstandard2.0]
    0 Warning(s)
    68 Error(s)

Time Elapsed 00:00:01.96
